// Jest Snapshot v1, https://goo.gl/fbAQLP

exports[`<GettingStarted /> renders correctly 1`] = `
<aux>
  <withRouter(UserLoginForm)
    handleReadyToSignUp={[Function]}
  />
  <backDrop
    click={[Function]}
    id="GettingStartedBackdrop"
  />
</aux>
`;

exports[`<GettingStarted /> renders user login form as the default form 1`] = `
Array [
  <div
    className="Modal invisible"
>
    <p>
        Login
    </p>
    <span />
    <div
        style={
            Object {
                "alignItems": "center",
                "display": "flex",
                "justifyContent": "center",
                "margin": "15px 0",
              }
        }
    >
        <div
            style={
                Object {
                    "alignItems": "center",
                    "display": "flex",
                    "justifyContent": "center",
                  }
            }
        >
            No account yet?
        </div>
        <div
            className="Button dark"
            onClick={[Function]}
        >
             
            Sign up
        </div>
    </div>
    <div
        className="form_container"
    >
        <form
            onSubmit={[Function]}
        >
            <fieldset
                key="userloginform1"
            >
                <legend
                    key="Username and Password"
                >
                    Username and Password
                </legend>
                <input
                    key="username"
                    name="username"
                    onChange={[Function]}
                    placeholder="Username"
                    type="text"
                    value=""
                />
                <input
                    key="password"
                    name="password"
                    onChange={[Function]}
                    placeholder="Password"
                    type="password"
                    value=""
                />
            </fieldset>
            <fieldset
                key="userloginform2"
            >
                <input
                    key="submit"
                    name="submit"
                    onChange={[Function]}
                    type="submit"
                    value="Submit"
                />
            </fieldset>
        </form>
    </div>
</div>,
  <div
    className="Backdrop inactive"
    id="GettingStartedBackdrop"
    onClick={[Function]}
/>,
]
`;
